// Jest Snapshot v1, https://goo.gl/fbAQLP

exports[`@/mixins/print $_print can print content with custom styles 1`] = `
<html>

  <head>
    <style>
      @page {
        size: A4;
        margin: 16px;
      }

      body {
        font-family: -apple-system, BlinkMacSystemFont, Segoe UI, Roboto, Ubuntu, Helvetica Neue, Arial, sans-serif;
      }

      body {
        margin: 2rem;
        border: 1px solid blue;
      }
    </style>
  </head>

  <body>some plain old content</body>

</html>
`;

exports[`@/mixins/print $_print can print plain content 1`] = `
<html>

  <head>
    <style>
      @page {
        size: A4;
        margin: 16px;
      }

      body {
        font-family: -apple-system, BlinkMacSystemFont, Segoe UI, Roboto, Ubuntu, Helvetica Neue, Arial, sans-serif;
      }
    </style>
  </head>

  <body>some plain old content</body>

</html>
`;

exports[`@/mixins/print $_printQRs can handle no parameters 1`] = `
<html>

  <head>
    <style>
      @page {
        size: A4;
        margin: 16px;
      }

      body {
        font-family: -apple-system, BlinkMacSystemFont, Segoe UI, Roboto, Ubuntu, Helvetica Neue, Arial, sans-serif;
      }

      .part {
        border: 1px solid #aaa;
        width: 4cm;
        float: left;
        padding: 8px;
        margin: 4px;
      }

      .qr-code {
        width: 100% !important;
        height: auto !important;
      }

      .qr-content {
        font-size: 0.7em;
        opacity: 0.7;
        width: 100%;
        word-break:
          break-all;
        word-break: break-word;
        margin: 2px 0 0;
      }

      .title {
        margin: 4px 0;
        font-size: 1.25em;
        font-weight: bold;
      }

      .description {
        font-size: 1em;
        color: #555;
        margin: 0;
        word-break: break-all;
        word-break: break-word;
      }
    </style>
  </head>

  <body>Keine Einträge zu drucken.</body>

</html>
`;

exports[`@/mixins/print $_printQRs can print items with all options 1`] = `
<html>

  <head>
    <style>
      @page {
        size: A4;
        margin: 16px;
      }

      body {
        font-family: -apple-system, BlinkMacSystemFont, Segoe UI, Roboto, Ubuntu, Helvetica Neue, Arial, sans-serif;
      }

      .part {
        border: 1px solid #aaa;
        width: 4cm;
        float: left;
        padding: 8px;
        margin: 4px;
      }

      .qr-code {
        width: 100% !important;
        height: auto !important;
      }

      .qr-content {
        font-size: 0.7em;
        opacity: 0.7;
        width: 100%;
        word-break:
          break-all;
        word-break: break-word;
        margin: 2px 0 0;
      }

      .title {
        margin: 4px 0;
        font-size: 1.25em;
        font-weight: bold;
      }

      .description {
        font-size: 1em;
        color: #555;
        margin: 0;
        word-break: break-all;
        word-break: break-word;
      }
    </style>
  </head>

  <body>
    <div class="part">
      <div class="image-wrapper">
        <img class="qr-code" alt="qrContent" src="data:image/png;base64,iVBORw0KGgoAAAANSUhEUgAAAMgAAADICAYAAACtWK6eAAAABmJLR0QA/wD/AP+gvaeTAAADgklEQVR4nO3dQW7bMBRAwabokXL/E+RO6jZA5VfBoWhKnlkWhUtbfeDig9THtm3bL2DX71cvAFYmEAgCgSAQCH/2/vDz83P2Opbx9fX1379zxd/nrt9rlEe/jx0EgkAgCASCQCAIBIJAIAgEgkAg7A4KjzgyeFrNzEHYqMHcagO+d3vudhAIAoEgEAgCgSAQCAKBIBAIAoHw9KDwCAOsNmrNq333Oz13OwgEgUAQCASBQBAIBIFAEAgEgUA4dVD4zu40LHtndhAIAoEgEAgCgSAQCAKBIBAIAoFgUPiE1QZzo64w5V92EAgCgSAQCAKBIBAIAoEgEAgCgXDqoPCuw6lRpwVnvsdwptXW8xN2EAgCgSAQCAKBIBAIAoEgEAgCgfD0oHDm1ZpXNHMIOHOY+G7P3Q4CQSAQBAJBIBAEAkEgEAQCQSAQPrZt2169iDtabaB2p1N+M9lBIAgEgkAgCASCQCAIBIJAIAgEwu6JwplXax4xc+g2c6C22mnBI2aegpzp0ZrtIBAEAkEgEAQCQSAQBAJBIBAEAmF3ULjagO+KA7WZZn73u16p+ogdBIJAIAgEgkAgCASCQCAIBIJAIDx99ehqpw6PuOuaZw5273Ra8Ag7CASBQBAIBIFAEAgEgUAQCASBQNg9UXjEFYdlVxyorbbmUVY7tfqIHQSCQCAIBIJAIAgEgkAgCASCQCA8PSg8YrWrR0f9W6u568Bx1DP9yZrtIBAEAkEgEAQCQSAQBAJBIBAEAuHUQeEVT6jNtNqar3hS0jsK4YUEAkEgEAQCQSAQBAJBIBAEAmF3ULjaO+ZmuuIVpqOsNrg84uzf0A4CQSAQBAJBIBAEAkEgEAQCQSAQLvGOwlFmXmU5ympD25nrmXnl7CN2EAgCgSAQCAKBIBAIAoEgEAgCgXCJdxQeccXB5SgrDNS+u9OzsINAEAgEgUAQCASBQBAIBIFAEAiEUweFdzXz6tFRnzNzzaO+1wpXvNpBIAgEgkAgCASCQCAIBIJAIAgEgkHhSa54gm/UwHG1z/kJOwgEgUAQCASBQBAIBIFAEAgEgUA4dVB4pysov7vrEHDU54xa8wr/f+wgEAQCQSAQBAJBIBAEAkEgEAQC4elB4cxh2V2tNgQcZYWTgN+5ehROIhAIAoEgEAgCgSAQCAKBIBAIH9u2ba9eBKzKDgJBIBAEAkEgEAQC4S+w0gP+veG1cAAAAABJRU5ErkJggg==" width="200" height="200">
        <div class="qr-content">qrContent</div>
      </div>
      <h4 class="title">title</h4>
      <p class="description">description</p>
    </div>
  </body>

</html>
`;

exports[`@/mixins/print $_printQRs can print items with only QR content 1`] = `
<html>

  <head>
    <style>
      @page {
        size: A4;
        margin: 16px;
      }

      body {
        font-family: -apple-system, BlinkMacSystemFont, Segoe UI, Roboto, Ubuntu, Helvetica Neue, Arial, sans-serif;
      }

      .part {
        border: 1px solid #aaa;
        width: 4cm;
        float: left;
        padding: 8px;
        margin: 4px;
      }

      .qr-code {
        width: 100% !important;
        height: auto !important;
      }

      .qr-content {
        font-size: 0.7em;
        opacity: 0.7;
        width: 100%;
        word-break:
          break-all;
        word-break: break-word;
        margin: 2px 0 0;
      }

      .title {
        margin: 4px 0;
        font-size: 1.25em;
        font-weight: bold;
      }

      .description {
        font-size: 1em;
        color: #555;
        margin: 0;
        word-break: break-all;
        word-break: break-word;
      }
    </style>
  </head>

  <body>
    <div class="part">
      <div class="image-wrapper">
        <img class="qr-code" alt="qrContent" src="data:image/png;base64,iVBORw0KGgoAAAANSUhEUgAAAMgAAADICAYAAACtWK6eAAAABmJLR0QA/wD/AP+gvaeTAAADgklEQVR4nO3dQW7bMBRAwabokXL/E+RO6jZA5VfBoWhKnlkWhUtbfeDig9THtm3bL2DX71cvAFYmEAgCgSAQCH/2/vDz83P2Opbx9fX1379zxd/nrt9rlEe/jx0EgkAgCASCQCAIBIJAIAgEgkAg7A4KjzgyeFrNzEHYqMHcagO+d3vudhAIAoEgEAgCgSAQCAKBIBAIAoHw9KDwCAOsNmrNq333Oz13OwgEgUAQCASBQBAIBIFAEAgEgUA4dVD4zu40LHtndhAIAoEgEAgCgSAQCAKBIBAIAoFgUPiE1QZzo64w5V92EAgCgSAQCAKBIBAIAoEgEAgCgXDqoPCuw6lRpwVnvsdwptXW8xN2EAgCgSAQCAKBIBAIAoEgEAgCgfD0oHDm1ZpXNHMIOHOY+G7P3Q4CQSAQBAJBIBAEAkEgEAQCQSAQPrZt2169iDtabaB2p1N+M9lBIAgEgkAgCASCQCAIBIJAIAgEwu6JwplXax4xc+g2c6C22mnBI2aegpzp0ZrtIBAEAkEgEAQCQSAQBAJBIBAEAmF3ULjagO+KA7WZZn73u16p+ogdBIJAIAgEgkAgCASCQCAIBIJAIDx99ehqpw6PuOuaZw5273Ra8Ag7CASBQBAIBIFAEAgEgUAQCASBQNg9UXjEFYdlVxyorbbmUVY7tfqIHQSCQCAIBIJAIAgEgkAgCASCQCA8PSg8YrWrR0f9W6u568Bx1DP9yZrtIBAEAkEgEAQCQSAQBAJBIBAEAuHUQeEVT6jNtNqar3hS0jsK4YUEAkEgEAQCQSAQBAJBIBAEAmF3ULjaO+ZmuuIVpqOsNrg84uzf0A4CQSAQBAJBIBAEAkEgEAQCQSAQLvGOwlFmXmU5ympD25nrmXnl7CN2EAgCgSAQCAKBIBAIAoEgEAgCgXCJdxQeccXB5SgrDNS+u9OzsINAEAgEgUAQCASBQBAIBIFAEAiEUweFdzXz6tFRnzNzzaO+1wpXvNpBIAgEgkAgCASCQCAIBIJAIAgEgkHhSa54gm/UwHG1z/kJOwgEgUAQCASBQBAIBIFAEAgEgUA4dVB4pysov7vrEHDU54xa8wr/f+wgEAQCQSAQBAJBIBAEAkEgEAQC4elB4cxh2V2tNgQcZYWTgN+5ehROIhAIAoEgEAgCgSAQCAKBIBAIH9u2ba9eBKzKDgJBIBAEAkEgEAQC4S+w0gP+veG1cAAAAABJRU5ErkJggg==" width="200" height="200">
        <div class="qr-content">qrContent</div>
      </div>


    </div>
  </body>

</html>
`;

exports[`@/mixins/print $_printQRs prints an error if no items to print are given 1`] = `
<html>

  <head>
    <style>
      @page {
        size: A4;
        margin: 16px;
      }

      body {
        font-family: -apple-system, BlinkMacSystemFont, Segoe UI, Roboto, Ubuntu, Helvetica Neue, Arial, sans-serif;
      }

      .part {
        border: 1px solid #aaa;
        width: 4cm;
        float: left;
        padding: 8px;
        margin: 4px;
      }

      .qr-code {
        width: 100% !important;
        height: auto !important;
      }

      .qr-content {
        font-size: 0.7em;
        opacity: 0.7;
        width: 100%;
        word-break:
          break-all;
        word-break: break-word;
        margin: 2px 0 0;
      }

      .title {
        margin: 4px 0;
        font-size: 1.25em;
        font-weight: bold;
      }

      .description {
        font-size: 1em;
        color: #555;
        margin: 0;
        word-break: break-all;
        word-break: break-word;
      }
    </style>
  </head>

  <body>Keine Einträge zu drucken.</body>

</html>
`;
